                               PPPPPPPPPPP   RRRRRRRRRRR   TTTTTTTTTTTT    JJJJJJJJJJ  EEEEEEEEEEEE   SSSSSSSSSS
                              PPPPPPPPPPPP  RRRRRRRRRRRR  TTTTTTTTTTTT    JJJJJJJJJJ  EEEEEEEEEEEE  SSSSSSSSSSSS
                             PP        PP  RR        RR       TT             JJ      EE            SS        SS
                            PP        PP  RR        RR       TT             JJ      EE            SS
                           PP        PP  RR        RR       TT             JJ      EE            SSS
                          PPPPPPPPPPPP  RRRRRRRRRRRR       TT             JJ      EEEEEEEE       SSSSSSSSS
                         PPPPPPPPPPP   RRRRRRRRRRR        TT             JJ      EEEEEEEE        SSSSSSSSS
                        PP            RR    RR           TT             JJ      EE                     SSS
                       PP            RR     RR          TT       JJ    JJ      EE                      SS
                      PP            RR      RR         TT       JJ    JJ      EE            SS        SS
                     PP            RR       RR        TT       JJJJJJJJ      EEEEEEEEEEEE  SSSSSSSSSSSS
                    PP            RR        RR       TT        JJJJJJ       EEEEEEEEEEEE   SSSSSSSSSS



                    JJJJJJJJJJ       11        2222222222    8888888888                                AAAAAAAAAA
                    JJJJJJJJJJ      111       222222222222  888888888888                              AAAAAAAAAAAA
                        JJ         1111       22        22  88        88                              AA        AA
                        JJ           11                 22  88        88                              AA        AA
                        JJ           11                 22   88      88                               AA        AA
                        JJ           11                22     88888888                                AAAAAAAAAAAA
                        JJ           11              22       88888888                                AAAAAAAAAAAA
                        JJ           11            22        88      88                               AA        AA
                  JJ    JJ           11          22         88        88                              AA        AA
                  JJ    JJ           11        22           88        88                              AA        AA
                  JJJJJJJJ       1111111111   222222222222  888888888888                              AA        AA
                   JJJJJJ        1111111111   222222222222   8888888888                               AA        AA


****A  START  JOB  128  PRTJES                          ROOM        4.10.43 PM 03 SEP 26  PRINTER1  SYS TK5R  JOB  128  START  A****
****A  START  JOB  128  PRTJES                          ROOM        4.10.43 PM 03 SEP 26  PRINTER1  SYS TK5R  JOB  128  START  A****
****A  START  JOB  128  PRTJES                          ROOM        4.10.43 PM 03 SEP 26  PRINTER1  SYS TK5R  JOB  128  START  A****
****A  START  JOB  128  PRTJES                          ROOM        4.10.43 PM 03 SEP 26  PRINTER1  SYS TK5R  JOB  128  START  A****
                                                J E S 2   J O B   L O G


16.10.43 JOB  128  $HASP373 PRTJES   STARTED - INIT  1 - CLASS A - SYS TK5R
16.10.43 JOB  128  IEF403I PRTJES - STARTED - TIME=16.10.43
16.10.43 JOB  128  IEFACTRT - Stepname  Procstep  Program   Retcode
16.10.43 JOB  128  PRTJES     STEP1               IEBGENER  RC= 0000
16.10.43 JOB  128  IEF404I PRTJES - ENDED - TIME=16.10.43
16.10.43 JOB  128  $HASP395 PRTJES   ENDED


------ JES2 JOB STATISTICS ------


 03 SEP 26 JOB EXECUTION DATE


         6 CARDS READ


       111 SYSOUT PRINT RECORDS


         0 SYSOUT PUNCH RECORDS


      0.00 MINUTES EXECUTION TIME
    1     //PRTJES    JOB USER=HERC01,PASSWORD=                                   JOB  128
    2     //STEP1    EXEC PGM=IEBGENER
    3     //SYSPRINT DD  SYSOUT=A
    4     //SYSIN    DD  DUMMY
    5     //SYSUT1   DD  DSNAME=SYS2.MACLIB(TPIMASK),DISP=SHR
    6     //SYSUT2   DD  SYSOUT=A
IEF236I ALLOC. FOR PRTJES STEP1
IEF237I JES2 ALLOCATED TO SYSPRINT
IEF237I DMY  ALLOCATED TO SYSIN
IEF237I 390  ALLOCATED TO SYSUT1
IEF237I JES2 ALLOCATED TO SYSUT2
IEF142I PRTJES STEP1 - STEP WAS EXECUTED - COND CODE 0000
IEF285I   JES2.JOB00128.SO0101                         SYSOUT
IEF285I   SYS2.MACLIB                                  KEPT          *--------2
IEF285I   VOL SER NOS= TK5RES.
IEF285I   JES2.JOB00128.SO0102                         SYSOUT
IEF373I STEP /STEP1   / START 26246.1610
IEF374I STEP /STEP1   / STOP  26246.1610 CPU    0MIN 00.04SEC SRB    0MIN 00.00SEC VIRT   144K SYS   188K
************************************************************************************************************************************
*     1. Jobstep of job: PRTJES      Stepname: STEP1       Program name: IEBGENER   Executed on 03.09.26 from 16.10.43 to 16.10.43 *
*         elapsed time  00:00:00,08                      CPU-Identifier:  TK5R           Page-in:      0                           *
*             CPU time  00:00:00,04               Virtual Storage used:    144K         Page-out:      0                           *
*           corr. CPU:  00:00:00,04   CPU time has been corrected by  1 / 1,0  multiplier                                          *
*                                                                                                                                  *
*     I/O Operation                                                                                                                *
*     Number of records read via DD * or DD DATA:      0                                                                           *
*     DMY.......0 DMY.......0 390.......2 DMY.......0                                                                              *
*                                                                                                                                  *
*                                          Charge for step (w/o SYSOUT):          0,06                                             *
************************************************************************************************************************************
IEF375I  JOB /PRTJES  / START 26246.1610
IEF376I  JOB /PRTJES  / STOP  26246.1610 CPU    0MIN 00.04SEC SRB    0MIN 00.00SEC
DATA SET UTILITY - GENERATE                                                                       PAGE 0001


IEB352I WARNING : OUTPUT RECFM/LRECL/BLKSIZE COPIED FROM INPUT

PROCESSING ENDED AT EOD.**********************************************************************
.*                                                                    *
.* This macro provides the capability to set and test bits in the     *
.* read, write, and exception bit masks used with the EZASMI          *
.* TYPE=SELECT macro call.                                            *
.*                                                                    *
.* Invocation:                                                        *
.*       TPIMASK {SET × TEST},MASK=maskaddr,SD=socket                 *
.*                                                                    *
.*             SET      - Sets the socket descriptor bit in the mask. *
.*             TEST     - Tests the socket descriptor bit in the mask.*
.*                        The TEST function sets the condition code   *
.*                        such that you may follow the TPIMASK macro  *
.*                        call with a BC instruction (BE branches if  *
.*                        bit was on, BNE branches if bit was off).   *
.*                                                                    *
.*             maskaddr - Address of the read, write, or execution    *
.*                        mask to be acted on. May be specified as a  *
.*                        storage location label or a register        *
.*                        number enclosed in parentheses.             *
.*                                                                    *
.*             socket   - Address of the socket descriptor which      *
.*                        determines the bit to be tested or set. May *
.*                        be specified as a storage location label or *
.*                        the register number enclosed in parentheses *
.*                        that contains the socket descriptor.        *
.*                                                                    *
.* Change history:                                                    *
.*                                                                    *
.* 03/04/2017 - Initial release                 Shelby Beach          *
.*                                                                    *
.**********************************************************************
.*
         MACRO
         TPIMASK &FUNC,        Function to perform (TEST or SET)       +
               &MASK=,         Mask address                            +
               &SD=            Socket descriptor
         AIF ('&FUNC' EQ 'TEST' OR '&FUNC' EQ 'SET').FUNCOK
         MNOTE 16,'Invalid TPIMASK function'
         MEXIT

.FUNCOK  ANOP
         XR    14,14           Prepare for divide.
         AIF   ('&SD'(1,1) EQ '(').SDREG
         LH    15,&SD          R15 = Socket Descriptor
         AGO   .SDOK
.SDREG   ANOP
         LR    15,&SD          R15 = Socket Descriptor
.SDOK    ANOP
         D     14,=F'32'       R15 = Word containing bit
         SLL   15,2            R15 = Offset of word
         AIF   ('&MASK'(1,1) EQ '(').MASKREG
         LA    1,&MASK         R1 = A(Mask)
         AGO   .MASKOK
.MASKREG ANOP
         LR    1,&MASK         R1 = A(Mask)
.MASKOK  ANOP
         AR    15,1            R15 = A(Word bit is in)
         LA    1,1             Need a bit in R1.
         SLL   1,0(14)         Position bit for test/set.
         O     1,0(,15)        Combine bit with others in mask.
         AIF   ('&FUNC' EQ 'SET').SETBIT
         C     1,0(,15)        Will be equal if bit was set.
         MEXIT
.SETBIT  ANOP
         ST    1,0(,15)        Store updated mask word.
         MEND
                               PPPPPPPPPPP   RRRRRRRRRRR   TTTTTTTTTTTT    JJJJJJJJJJ  EEEEEEEEEEEE   SSSSSSSSSS
                              PPPPPPPPPPPP  RRRRRRRRRRRR  TTTTTTTTTTTT    JJJJJJJJJJ  EEEEEEEEEEEE  SSSSSSSSSSSS
                             PP        PP  RR        RR       TT             JJ      EE            SS        SS
                            PP        PP  RR        RR       TT             JJ      EE            SS
                           PP        PP  RR        RR       TT             JJ      EE            SSS
                          PPPPPPPPPPPP  RRRRRRRRRRRR       TT             JJ      EEEEEEEE       SSSSSSSSS
                         PPPPPPPPPPP   RRRRRRRRRRR        TT             JJ      EEEEEEEE        SSSSSSSSS
                        PP            RR    RR           TT             JJ      EE                     SSS
                       PP            RR     RR          TT       JJ    JJ      EE                      SS
                      PP            RR      RR         TT       JJ    JJ      EE            SS        SS
                     PP            RR       RR        TT       JJJJJJJJ      EEEEEEEEEEEE  SSSSSSSSSSSS
                    PP            RR        RR       TT        JJJJJJ       EEEEEEEEEEEE   SSSSSSSSSS



                    JJJJJJJJJJ       11        2222222222    8888888888                                AAAAAAAAAA
                    JJJJJJJJJJ      111       222222222222  888888888888                              AAAAAAAAAAAA
                        JJ         1111       22        22  88        88                              AA        AA
                        JJ           11                 22  88        88                              AA        AA
                        JJ           11                 22   88      88                               AA        AA
                        JJ           11                22     88888888                                AAAAAAAAAAAA
                        JJ           11              22       88888888                                AAAAAAAAAAAA
                        JJ           11            22        88      88                               AA        AA
                  JJ    JJ           11          22         88        88                              AA        AA
                  JJ    JJ           11        22           88        88                              AA        AA
                  JJJJJJJJ       1111111111   222222222222  888888888888                              AA        AA
                   JJJJJJ        1111111111   222222222222   8888888888                               AA        AA


****A   END   JOB  128  PRTJES                          ROOM        4.10.43 PM 03 SEP 26  PRINTER1  SYS TK5R  JOB  128   END   A****
****A   END   JOB  128  PRTJES                          ROOM        4.10.43 PM 03 SEP 26  PRINTER1  SYS TK5R  JOB  128   END   A****
****A   END   JOB  128  PRTJES                          ROOM        4.10.43 PM 03 SEP 26  PRINTER1  SYS TK5R  JOB  128   END   A****
****A   END   JOB  128  PRTJES                          ROOM        4.10.43 PM 03 SEP 26  PRINTER1  SYS TK5R  JOB  128   END   A****
